// Jest Snapshot v1, https://goo.gl/fbAQLP

exports[`'attributes' option should handle attributes with a "boolean" notation equals "true": errors 1`] = `Array []`;

exports[`'attributes' option should handle attributes with a "boolean" notation equals "true": module 1`] = `
"// Imports
var ___HTML_LOADER_GET_URL_IMPORT___ = require(\\"../../src/runtime/getUrl.js\\");
var ___HTML_LOADER_IDENT_0___ = require(\\"./image.png\\");
var ___HTML_LOADER_IDENT_1___ = require(\\"./image.png\\");
var ___HTML_LOADER_IDENT_2___ = require(\\"aliasImg\\");
var ___HTML_LOADER_IDENT_3___ = require(\\"./image.png\\");
var ___HTML_LOADER_IDENT_4___ = require(\\"./icons.svg\\");
// Exports
module.exports = \\"<h1>My First Heading</h1>\\\\n<p>My first paragraph.</p>\\\\n<h2>An Unordered HTML List</h2>\\\\n\\\\n<ul>\\\\n  <li>Coffee</li>\\\\n  <li>Tea</li>\\\\n  <li>Milk</li>\\\\n</ul>\\\\n\\\\n<h2>An Ordered HTML List</h2>\\\\n\\\\n<ol>\\\\n  <li>Coffee</li>\\\\n  <li>Tea</li>\\\\n  <li>Milk</li>\\\\n</ol>\\\\n\\\\n<script>console.log({\\\\\\"json\\\\\\": \\\\\\"with \\\\\\\\\\\\\\"quotes\\\\\\\\\\\\\\" in value\\\\\\"})</script>\\\\n\\\\n<!-- comment -->\\\\n\\\\n<div>Foo</div>\\\\n\\\\n\\\\n<div>BAR</div>\\\\n\\\\n<input type=\\\\\\"text\\\\\\" />\\\\n\\\\n<script>   console.log(1 + 2 + \`\${3 + 3}\`)   </script>\\\\n\\\\n<img src=\\\\\\"\\" + ___HTML_LOADER_GET_URL_IMPORT___(___HTML_LOADER_IDENT_0___) + \\"\\\\\\">\\\\n<img src=\\\\\\"\\" + ___HTML_LOADER_GET_URL_IMPORT___(___HTML_LOADER_IDENT_1___) + \\"\\\\\\">\\\\n<img src=\\\\\\"/image.png\\\\\\">\\\\n<img src=\\\\\\"\\" + ___HTML_LOADER_GET_URL_IMPORT___(___HTML_LOADER_IDENT_2___) + \\"\\\\\\">\\\\n<img src=\\\\\\"\\\\\\">\\\\n<img src=\\\\\\"\\" + ___HTML_LOADER_GET_URL_IMPORT___(___HTML_LOADER_IDENT_3___) + \\"\\\\\\">\\\\n\\\\n<script src=\\\\\\"script.js\\\\\\"></script>\\\\n\\\\n<custom-element custom-src=\\\\\\"image.png\\\\\\" />\\\\n<custom-img custom-src=\\\\\\"image.png\\\\\\"/></custom-element>\\\\n\\\\n<img src=\\\\\\"\\" + ___HTML_LOADER_GET_URL_IMPORT___(___HTML_LOADER_IDENT_4___) + \\"#hash\\\\\\">\\\\n\\\\n<a href=\\\\\\"mailto:username@exampledomain.com\\\\\\"></a>\\\\n\\";"
`;

exports[`'attributes' option should handle attributes with a "boolean" notation equals "true": result 1`] = `
"<h1>My First Heading</h1>
<p>My first paragraph.</p>
<h2>An Unordered HTML List</h2>

<ul>
  <li>Coffee</li>
  <li>Tea</li>
  <li>Milk</li>
</ul>

<h2>An Ordered HTML List</h2>

<ol>
  <li>Coffee</li>
  <li>Tea</li>
  <li>Milk</li>
</ol>

<script>console.log({\\"json\\": \\"with \\\\\\"quotes\\\\\\" in value\\"})</script>

<!-- comment -->

<div>Foo</div>


<div>BAR</div>

<input type=\\"text\\" />

<script>   console.log(1 + 2 + \`\${3 + 3}\`)   </script>

<img src=\\"/webpack/public/path/image.png\\">
<img src=\\"/webpack/public/path/image.png\\">
<img src=\\"/image.png\\">
<img src=\\"/webpack/public/path/alias-image.png\\">
<img src=\\"\\">
<img src=\\"/webpack/public/path/image.png\\">

<script src=\\"script.js\\"></script>

<custom-element custom-src=\\"image.png\\" />
<custom-img custom-src=\\"image.png\\"/></custom-element>

<img src=\\"/webpack/public/path/icons.svg#hash\\">

<a href=\\"mailto:username@exampledomain.com\\"></a>
"
`;

exports[`'attributes' option should handle attributes with a "boolean" notation equals "true": warnings 1`] = `Array []`;

exports[`'attributes' option should not handle attributes with a "boolean" notation equals "false": errors 1`] = `Array []`;

exports[`'attributes' option should not handle attributes with a "boolean" notation equals "false": module 1`] = `
"// Exports
module.exports = \\"<h1>My First Heading</h1>\\\\n<p>My first paragraph.</p>\\\\n<h2>An Unordered HTML List</h2>\\\\n\\\\n<ul>\\\\n  <li>Coffee</li>\\\\n  <li>Tea</li>\\\\n  <li>Milk</li>\\\\n</ul>\\\\n\\\\n<h2>An Ordered HTML List</h2>\\\\n\\\\n<ol>\\\\n  <li>Coffee</li>\\\\n  <li>Tea</li>\\\\n  <li>Milk</li>\\\\n</ol>\\\\n\\\\n<script>console.log({\\\\\\"json\\\\\\": \\\\\\"with \\\\\\\\\\\\\\"quotes\\\\\\\\\\\\\\" in value\\\\\\"})</script>\\\\n\\\\n<!-- comment -->\\\\n\\\\n<div>Foo</div>\\\\n\\\\n\\\\n<div>BAR</div>\\\\n\\\\n<input type=\\\\\\"text\\\\\\" />\\\\n\\\\n<script>   console.log(1 + 2 + \`\${3 + 3}\`)   </script>\\\\n\\\\n<img src=\\\\\\"image.png\\\\\\">\\\\n<img src=\\\\\\"./image.png\\\\\\">\\\\n<img src=\\\\\\"/image.png\\\\\\">\\\\n<img src=\\\\\\"~aliasImg\\\\\\">\\\\n<img src=\\\\\\"\\\\\\">\\\\n<img src=\\\\\\"image.png\\\\\\">\\\\n\\\\n<script src=\\\\\\"script.js\\\\\\"></script>\\\\n\\\\n<custom-element custom-src=\\\\\\"image.png\\\\\\" />\\\\n<custom-img custom-src=\\\\\\"image.png\\\\\\"/></custom-element>\\\\n\\\\n<img src=\\\\\\"./icons.svg#hash\\\\\\">\\\\n\\\\n<a href=\\\\\\"mailto:username@exampledomain.com\\\\\\"></a>\\\\n\\";"
`;

exports[`'attributes' option should not handle attributes with a "boolean" notation equals "false": result 1`] = `
"<h1>My First Heading</h1>
<p>My first paragraph.</p>
<h2>An Unordered HTML List</h2>

<ul>
  <li>Coffee</li>
  <li>Tea</li>
  <li>Milk</li>
</ul>

<h2>An Ordered HTML List</h2>

<ol>
  <li>Coffee</li>
  <li>Tea</li>
  <li>Milk</li>
</ol>

<script>console.log({\\"json\\": \\"with \\\\\\"quotes\\\\\\" in value\\"})</script>

<!-- comment -->

<div>Foo</div>


<div>BAR</div>

<input type=\\"text\\" />

<script>   console.log(1 + 2 + \`\${3 + 3}\`)   </script>

<img src=\\"image.png\\">
<img src=\\"./image.png\\">
<img src=\\"/image.png\\">
<img src=\\"~aliasImg\\">
<img src=\\"\\">
<img src=\\"image.png\\">

<script src=\\"script.js\\"></script>

<custom-element custom-src=\\"image.png\\" />
<custom-img custom-src=\\"image.png\\"/></custom-element>

<img src=\\"./icons.svg#hash\\">

<a href=\\"mailto:username@exampledomain.com\\"></a>
"
`;

exports[`'attributes' option should not handle attributes with a "boolean" notation equals "false": warnings 1`] = `Array []`;

exports[`'attributes' option should work by default with CommonJS module syntax and ES module syntax from other loader: errors 1`] = `Array []`;

exports[`'attributes' option should work by default with CommonJS module syntax and ES module syntax from other loader: module 1`] = `
"// Imports
var ___HTML_LOADER_GET_URL_IMPORT___ = require(\\"../../src/runtime/getUrl.js\\");
var ___HTML_LOADER_IDENT_0___ = require(\\"./image.png\\");
var ___HTML_LOADER_IDENT_1___ = require(\\"./image.png\\");
var ___HTML_LOADER_IDENT_2___ = require(\\"aliasImg\\");
var ___HTML_LOADER_IDENT_3___ = require(\\"./image.png\\");
var ___HTML_LOADER_IDENT_4___ = require(\\"./icons.svg\\");
// Exports
module.exports = \\"<h1>My First Heading</h1>\\\\n<p>My first paragraph.</p>\\\\n<h2>An Unordered HTML List</h2>\\\\n\\\\n<ul>\\\\n  <li>Coffee</li>\\\\n  <li>Tea</li>\\\\n  <li>Milk</li>\\\\n</ul>\\\\n\\\\n<h2>An Ordered HTML List</h2>\\\\n\\\\n<ol>\\\\n  <li>Coffee</li>\\\\n  <li>Tea</li>\\\\n  <li>Milk</li>\\\\n</ol>\\\\n\\\\n<script>console.log({\\\\\\"json\\\\\\": \\\\\\"with \\\\\\\\\\\\\\"quotes\\\\\\\\\\\\\\" in value\\\\\\"})</script>\\\\n\\\\n<!-- comment -->\\\\n\\\\n<div>Foo</div>\\\\n\\\\n\\\\n<div>BAR</div>\\\\n\\\\n<input type=\\\\\\"text\\\\\\" />\\\\n\\\\n<script>   console.log(1 + 2 + \`\${3 + 3}\`)   </script>\\\\n\\\\n<img src=\\\\\\"\\" + ___HTML_LOADER_GET_URL_IMPORT___(___HTML_LOADER_IDENT_0___) + \\"\\\\\\">\\\\n<img src=\\\\\\"\\" + ___HTML_LOADER_GET_URL_IMPORT___(___HTML_LOADER_IDENT_1___) + \\"\\\\\\">\\\\n<img src=\\\\\\"/image.png\\\\\\">\\\\n<img src=\\\\\\"\\" + ___HTML_LOADER_GET_URL_IMPORT___(___HTML_LOADER_IDENT_2___) + \\"\\\\\\">\\\\n<img src=\\\\\\"\\\\\\">\\\\n<img src=\\\\\\"\\" + ___HTML_LOADER_GET_URL_IMPORT___(___HTML_LOADER_IDENT_3___) + \\"\\\\\\">\\\\n\\\\n<script src=\\\\\\"script.js\\\\\\"></script>\\\\n\\\\n<custom-element custom-src=\\\\\\"image.png\\\\\\" />\\\\n<custom-img custom-src=\\\\\\"image.png\\\\\\"/></custom-element>\\\\n\\\\n<img src=\\\\\\"\\" + ___HTML_LOADER_GET_URL_IMPORT___(___HTML_LOADER_IDENT_4___) + \\"#hash\\\\\\">\\\\n\\\\n<a href=\\\\\\"mailto:username@exampledomain.com\\\\\\"></a>\\\\n\\";"
`;

exports[`'attributes' option should work by default with CommonJS module syntax and ES module syntax from other loader: result 1`] = `
"<h1>My First Heading</h1>
<p>My first paragraph.</p>
<h2>An Unordered HTML List</h2>

<ul>
  <li>Coffee</li>
  <li>Tea</li>
  <li>Milk</li>
</ul>

<h2>An Ordered HTML List</h2>

<ol>
  <li>Coffee</li>
  <li>Tea</li>
  <li>Milk</li>
</ol>

<script>console.log({\\"json\\": \\"with \\\\\\"quotes\\\\\\" in value\\"})</script>

<!-- comment -->

<div>Foo</div>


<div>BAR</div>

<input type=\\"text\\" />

<script>   console.log(1 + 2 + \`\${3 + 3}\`)   </script>

<img src=\\"/webpack/public/path/image.png\\">
<img src=\\"/webpack/public/path/image.png\\">
<img src=\\"/image.png\\">
<img src=\\"/webpack/public/path/alias-image.png\\">
<img src=\\"\\">
<img src=\\"/webpack/public/path/image.png\\">

<script src=\\"script.js\\"></script>

<custom-element custom-src=\\"image.png\\" />
<custom-img custom-src=\\"image.png\\"/></custom-element>

<img src=\\"/webpack/public/path/icons.svg#hash\\">

<a href=\\"mailto:username@exampledomain.com\\"></a>
"
`;

exports[`'attributes' option should work by default with CommonJS module syntax and ES module syntax from other loader: warnings 1`] = `Array []`;

exports[`'attributes' option should work by default with CommonJS module syntax: errors 1`] = `Array []`;

exports[`'attributes' option should work by default with CommonJS module syntax: module 1`] = `
"// Imports
var ___HTML_LOADER_GET_URL_IMPORT___ = require(\\"../../src/runtime/getUrl.js\\");
var ___HTML_LOADER_IDENT_0___ = require(\\"./image.png\\");
var ___HTML_LOADER_IDENT_1___ = require(\\"./image.png\\");
var ___HTML_LOADER_IDENT_2___ = require(\\"aliasImg\\");
var ___HTML_LOADER_IDENT_3___ = require(\\"./image.png\\");
var ___HTML_LOADER_IDENT_4___ = require(\\"./icons.svg\\");
// Exports
module.exports = \\"<h1>My First Heading</h1>\\\\n<p>My first paragraph.</p>\\\\n<h2>An Unordered HTML List</h2>\\\\n\\\\n<ul>\\\\n  <li>Coffee</li>\\\\n  <li>Tea</li>\\\\n  <li>Milk</li>\\\\n</ul>\\\\n\\\\n<h2>An Ordered HTML List</h2>\\\\n\\\\n<ol>\\\\n  <li>Coffee</li>\\\\n  <li>Tea</li>\\\\n  <li>Milk</li>\\\\n</ol>\\\\n\\\\n<script>console.log({\\\\\\"json\\\\\\": \\\\\\"with \\\\\\\\\\\\\\"quotes\\\\\\\\\\\\\\" in value\\\\\\"})</script>\\\\n\\\\n<!-- comment -->\\\\n\\\\n<div>Foo</div>\\\\n\\\\n\\\\n<div>BAR</div>\\\\n\\\\n<input type=\\\\\\"text\\\\\\" />\\\\n\\\\n<script>   console.log(1 + 2 + \`\${3 + 3}\`)   </script>\\\\n\\\\n<img src=\\\\\\"\\" + ___HTML_LOADER_GET_URL_IMPORT___(___HTML_LOADER_IDENT_0___) + \\"\\\\\\">\\\\n<img src=\\\\\\"\\" + ___HTML_LOADER_GET_URL_IMPORT___(___HTML_LOADER_IDENT_1___) + \\"\\\\\\">\\\\n<img src=\\\\\\"/image.png\\\\\\">\\\\n<img src=\\\\\\"\\" + ___HTML_LOADER_GET_URL_IMPORT___(___HTML_LOADER_IDENT_2___) + \\"\\\\\\">\\\\n<img src=\\\\\\"\\\\\\">\\\\n<img src=\\\\\\"\\" + ___HTML_LOADER_GET_URL_IMPORT___(___HTML_LOADER_IDENT_3___) + \\"\\\\\\">\\\\n\\\\n<script src=\\\\\\"script.js\\\\\\"></script>\\\\n\\\\n<custom-element custom-src=\\\\\\"image.png\\\\\\" />\\\\n<custom-img custom-src=\\\\\\"image.png\\\\\\"/></custom-element>\\\\n\\\\n<img src=\\\\\\"\\" + ___HTML_LOADER_GET_URL_IMPORT___(___HTML_LOADER_IDENT_4___) + \\"#hash\\\\\\">\\\\n\\\\n<a href=\\\\\\"mailto:username@exampledomain.com\\\\\\"></a>\\\\n\\";"
`;

exports[`'attributes' option should work by default with CommonJS module syntax: result 1`] = `
"<h1>My First Heading</h1>
<p>My first paragraph.</p>
<h2>An Unordered HTML List</h2>

<ul>
  <li>Coffee</li>
  <li>Tea</li>
  <li>Milk</li>
</ul>

<h2>An Ordered HTML List</h2>

<ol>
  <li>Coffee</li>
  <li>Tea</li>
  <li>Milk</li>
</ol>

<script>console.log({\\"json\\": \\"with \\\\\\"quotes\\\\\\" in value\\"})</script>

<!-- comment -->

<div>Foo</div>


<div>BAR</div>

<input type=\\"text\\" />

<script>   console.log(1 + 2 + \`\${3 + 3}\`)   </script>

<img src=\\"/webpack/public/path/image.png\\">
<img src=\\"/webpack/public/path/image.png\\">
<img src=\\"/image.png\\">
<img src=\\"/webpack/public/path/alias-image.png\\">
<img src=\\"\\">
<img src=\\"/webpack/public/path/image.png\\">

<script src=\\"script.js\\"></script>

<custom-element custom-src=\\"image.png\\" />
<custom-img custom-src=\\"image.png\\"/></custom-element>

<img src=\\"/webpack/public/path/icons.svg#hash\\">

<a href=\\"mailto:username@exampledomain.com\\"></a>
"
`;

exports[`'attributes' option should work by default with CommonJS module syntax: warnings 1`] = `Array []`;

exports[`'attributes' option should work by default with ES module syntax from CommonJS module syntax from other loader: errors 1`] = `Array []`;

exports[`'attributes' option should work by default with ES module syntax from CommonJS module syntax from other loader: module 1`] = `
"// Imports
import ___HTML_LOADER_GET_URL_IMPORT___ from \\"../../src/runtime/getUrl.js\\"
import ___HTML_LOADER_IDENT_0___ from \\"./image.png\\";
import ___HTML_LOADER_IDENT_1___ from \\"./image.png\\";
import ___HTML_LOADER_IDENT_2___ from \\"aliasImg\\";
import ___HTML_LOADER_IDENT_3___ from \\"./image.png\\";
import ___HTML_LOADER_IDENT_4___ from \\"./icons.svg\\";
// Exports
export default \\"<h1>My First Heading</h1>\\\\n<p>My first paragraph.</p>\\\\n<h2>An Unordered HTML List</h2>\\\\n\\\\n<ul>\\\\n  <li>Coffee</li>\\\\n  <li>Tea</li>\\\\n  <li>Milk</li>\\\\n</ul>\\\\n\\\\n<h2>An Ordered HTML List</h2>\\\\n\\\\n<ol>\\\\n  <li>Coffee</li>\\\\n  <li>Tea</li>\\\\n  <li>Milk</li>\\\\n</ol>\\\\n\\\\n<script>console.log({\\\\\\"json\\\\\\": \\\\\\"with \\\\\\\\\\\\\\"quotes\\\\\\\\\\\\\\" in value\\\\\\"})</script>\\\\n\\\\n<!-- comment -->\\\\n\\\\n<div>Foo</div>\\\\n\\\\n\\\\n<div>BAR</div>\\\\n\\\\n<input type=\\\\\\"text\\\\\\" />\\\\n\\\\n<script>   console.log(1 + 2 + \`\${3 + 3}\`)   </script>\\\\n\\\\n<img src=\\\\\\"\\" + ___HTML_LOADER_GET_URL_IMPORT___(___HTML_LOADER_IDENT_0___) + \\"\\\\\\">\\\\n<img src=\\\\\\"\\" + ___HTML_LOADER_GET_URL_IMPORT___(___HTML_LOADER_IDENT_1___) + \\"\\\\\\">\\\\n<img src=\\\\\\"/image.png\\\\\\">\\\\n<img src=\\\\\\"\\" + ___HTML_LOADER_GET_URL_IMPORT___(___HTML_LOADER_IDENT_2___) + \\"\\\\\\">\\\\n<img src=\\\\\\"\\\\\\">\\\\n<img src=\\\\\\"\\" + ___HTML_LOADER_GET_URL_IMPORT___(___HTML_LOADER_IDENT_3___) + \\"\\\\\\">\\\\n\\\\n<script src=\\\\\\"script.js\\\\\\"></script>\\\\n\\\\n<custom-element custom-src=\\\\\\"image.png\\\\\\" />\\\\n<custom-img custom-src=\\\\\\"image.png\\\\\\"/></custom-element>\\\\n\\\\n<img src=\\\\\\"\\" + ___HTML_LOADER_GET_URL_IMPORT___(___HTML_LOADER_IDENT_4___) + \\"#hash\\\\\\">\\\\n\\\\n<a href=\\\\\\"mailto:username@exampledomain.com\\\\\\"></a>\\\\n\\";"
`;

exports[`'attributes' option should work by default with ES module syntax from CommonJS module syntax from other loader: result 1`] = `
"<h1>My First Heading</h1>
<p>My first paragraph.</p>
<h2>An Unordered HTML List</h2>

<ul>
  <li>Coffee</li>
  <li>Tea</li>
  <li>Milk</li>
</ul>

<h2>An Ordered HTML List</h2>

<ol>
  <li>Coffee</li>
  <li>Tea</li>
  <li>Milk</li>
</ol>

<script>console.log({\\"json\\": \\"with \\\\\\"quotes\\\\\\" in value\\"})</script>

<!-- comment -->

<div>Foo</div>


<div>BAR</div>

<input type=\\"text\\" />

<script>   console.log(1 + 2 + \`\${3 + 3}\`)   </script>

<img src=\\"/webpack/public/path/image.png\\">
<img src=\\"/webpack/public/path/image.png\\">
<img src=\\"/image.png\\">
<img src=\\"/webpack/public/path/alias-image.png\\">
<img src=\\"\\">
<img src=\\"/webpack/public/path/image.png\\">

<script src=\\"script.js\\"></script>

<custom-element custom-src=\\"image.png\\" />
<custom-img custom-src=\\"image.png\\"/></custom-element>

<img src=\\"/webpack/public/path/icons.svg#hash\\">

<a href=\\"mailto:username@exampledomain.com\\"></a>
"
`;

exports[`'attributes' option should work by default with ES module syntax from CommonJS module syntax from other loader: warnings 1`] = `Array []`;

exports[`'attributes' option should work by default with ES module syntax: errors 1`] = `Array []`;

exports[`'attributes' option should work by default with ES module syntax: module 1`] = `
"// Imports
import ___HTML_LOADER_GET_URL_IMPORT___ from \\"../../src/runtime/getUrl.js\\"
import ___HTML_LOADER_IDENT_0___ from \\"./image.png\\";
import ___HTML_LOADER_IDENT_1___ from \\"./image.png\\";
import ___HTML_LOADER_IDENT_2___ from \\"aliasImg\\";
import ___HTML_LOADER_IDENT_3___ from \\"./image.png\\";
import ___HTML_LOADER_IDENT_4___ from \\"./icons.svg\\";
// Exports
export default \\"<h1>My First Heading</h1>\\\\n<p>My first paragraph.</p>\\\\n<h2>An Unordered HTML List</h2>\\\\n\\\\n<ul>\\\\n  <li>Coffee</li>\\\\n  <li>Tea</li>\\\\n  <li>Milk</li>\\\\n</ul>\\\\n\\\\n<h2>An Ordered HTML List</h2>\\\\n\\\\n<ol>\\\\n  <li>Coffee</li>\\\\n  <li>Tea</li>\\\\n  <li>Milk</li>\\\\n</ol>\\\\n\\\\n<script>console.log({\\\\\\"json\\\\\\": \\\\\\"with \\\\\\\\\\\\\\"quotes\\\\\\\\\\\\\\" in value\\\\\\"})</script>\\\\n\\\\n<!-- comment -->\\\\n\\\\n<div>Foo</div>\\\\n\\\\n\\\\n<div>BAR</div>\\\\n\\\\n<input type=\\\\\\"text\\\\\\" />\\\\n\\\\n<script>   console.log(1 + 2 + \`\${3 + 3}\`)   </script>\\\\n\\\\n<img src=\\\\\\"\\" + ___HTML_LOADER_GET_URL_IMPORT___(___HTML_LOADER_IDENT_0___) + \\"\\\\\\">\\\\n<img src=\\\\\\"\\" + ___HTML_LOADER_GET_URL_IMPORT___(___HTML_LOADER_IDENT_1___) + \\"\\\\\\">\\\\n<img src=\\\\\\"/image.png\\\\\\">\\\\n<img src=\\\\\\"\\" + ___HTML_LOADER_GET_URL_IMPORT___(___HTML_LOADER_IDENT_2___) + \\"\\\\\\">\\\\n<img src=\\\\\\"\\\\\\">\\\\n<img src=\\\\\\"\\" + ___HTML_LOADER_GET_URL_IMPORT___(___HTML_LOADER_IDENT_3___) + \\"\\\\\\">\\\\n\\\\n<script src=\\\\\\"script.js\\\\\\"></script>\\\\n\\\\n<custom-element custom-src=\\\\\\"image.png\\\\\\" />\\\\n<custom-img custom-src=\\\\\\"image.png\\\\\\"/></custom-element>\\\\n\\\\n<img src=\\\\\\"\\" + ___HTML_LOADER_GET_URL_IMPORT___(___HTML_LOADER_IDENT_4___) + \\"#hash\\\\\\">\\\\n\\\\n<a href=\\\\\\"mailto:username@exampledomain.com\\\\\\"></a>\\\\n\\";"
`;

exports[`'attributes' option should work by default with ES module syntax: result 1`] = `
"<h1>My First Heading</h1>
<p>My first paragraph.</p>
<h2>An Unordered HTML List</h2>

<ul>
  <li>Coffee</li>
  <li>Tea</li>
  <li>Milk</li>
</ul>

<h2>An Ordered HTML List</h2>

<ol>
  <li>Coffee</li>
  <li>Tea</li>
  <li>Milk</li>
</ol>

<script>console.log({\\"json\\": \\"with \\\\\\"quotes\\\\\\" in value\\"})</script>

<!-- comment -->

<div>Foo</div>


<div>BAR</div>

<input type=\\"text\\" />

<script>   console.log(1 + 2 + \`\${3 + 3}\`)   </script>

<img src=\\"/webpack/public/path/image.png\\">
<img src=\\"/webpack/public/path/image.png\\">
<img src=\\"/image.png\\">
<img src=\\"/webpack/public/path/alias-image.png\\">
<img src=\\"\\">
<img src=\\"/webpack/public/path/image.png\\">

<script src=\\"script.js\\"></script>

<custom-element custom-src=\\"image.png\\" />
<custom-img custom-src=\\"image.png\\"/></custom-element>

<img src=\\"/webpack/public/path/icons.svg#hash\\">

<a href=\\"mailto:username@exampledomain.com\\"></a>
"
`;

exports[`'attributes' option should work by default with ES module syntax: warnings 1`] = `Array []`;

exports[`'attributes' option should work by default: errors 1`] = `Array []`;

exports[`'attributes' option should work by default: module 1`] = `
"// Imports
var ___HTML_LOADER_GET_URL_IMPORT___ = require(\\"../../src/runtime/getUrl.js\\");
var ___HTML_LOADER_IDENT_0___ = require(\\"./image.png\\");
var ___HTML_LOADER_IDENT_1___ = require(\\"./image.png\\");
var ___HTML_LOADER_IDENT_2___ = require(\\"aliasImg\\");
var ___HTML_LOADER_IDENT_3___ = require(\\"./image.png\\");
var ___HTML_LOADER_IDENT_4___ = require(\\"./icons.svg\\");
// Exports
module.exports = \\"<h1>My First Heading</h1>\\\\n<p>My first paragraph.</p>\\\\n<h2>An Unordered HTML List</h2>\\\\n\\\\n<ul>\\\\n  <li>Coffee</li>\\\\n  <li>Tea</li>\\\\n  <li>Milk</li>\\\\n</ul>\\\\n\\\\n<h2>An Ordered HTML List</h2>\\\\n\\\\n<ol>\\\\n  <li>Coffee</li>\\\\n  <li>Tea</li>\\\\n  <li>Milk</li>\\\\n</ol>\\\\n\\\\n<script>console.log({\\\\\\"json\\\\\\": \\\\\\"with \\\\\\\\\\\\\\"quotes\\\\\\\\\\\\\\" in value\\\\\\"})</script>\\\\n\\\\n<!-- comment -->\\\\n\\\\n<div>Foo</div>\\\\n\\\\n\\\\n<div>BAR</div>\\\\n\\\\n<input type=\\\\\\"text\\\\\\" />\\\\n\\\\n<script>   console.log(1 + 2 + \`\${3 + 3}\`)   </script>\\\\n\\\\n<img src=\\\\\\"\\" + ___HTML_LOADER_GET_URL_IMPORT___(___HTML_LOADER_IDENT_0___) + \\"\\\\\\">\\\\n<img src=\\\\\\"\\" + ___HTML_LOADER_GET_URL_IMPORT___(___HTML_LOADER_IDENT_1___) + \\"\\\\\\">\\\\n<img src=\\\\\\"/image.png\\\\\\">\\\\n<img src=\\\\\\"\\" + ___HTML_LOADER_GET_URL_IMPORT___(___HTML_LOADER_IDENT_2___) + \\"\\\\\\">\\\\n<img src=\\\\\\"\\\\\\">\\\\n<img src=\\\\\\"\\" + ___HTML_LOADER_GET_URL_IMPORT___(___HTML_LOADER_IDENT_3___) + \\"\\\\\\">\\\\n\\\\n<script src=\\\\\\"script.js\\\\\\"></script>\\\\n\\\\n<custom-element custom-src=\\\\\\"image.png\\\\\\" />\\\\n<custom-img custom-src=\\\\\\"image.png\\\\\\"/></custom-element>\\\\n\\\\n<img src=\\\\\\"\\" + ___HTML_LOADER_GET_URL_IMPORT___(___HTML_LOADER_IDENT_4___) + \\"#hash\\\\\\">\\\\n\\\\n<a href=\\\\\\"mailto:username@exampledomain.com\\\\\\"></a>\\\\n\\";"
`;

exports[`'attributes' option should work by default: result 1`] = `
"<h1>My First Heading</h1>
<p>My first paragraph.</p>
<h2>An Unordered HTML List</h2>

<ul>
  <li>Coffee</li>
  <li>Tea</li>
  <li>Milk</li>
</ul>

<h2>An Ordered HTML List</h2>

<ol>
  <li>Coffee</li>
  <li>Tea</li>
  <li>Milk</li>
</ol>

<script>console.log({\\"json\\": \\"with \\\\\\"quotes\\\\\\" in value\\"})</script>

<!-- comment -->

<div>Foo</div>


<div>BAR</div>

<input type=\\"text\\" />

<script>   console.log(1 + 2 + \`\${3 + 3}\`)   </script>

<img src=\\"/webpack/public/path/image.png\\">
<img src=\\"/webpack/public/path/image.png\\">
<img src=\\"/image.png\\">
<img src=\\"/webpack/public/path/alias-image.png\\">
<img src=\\"\\">
<img src=\\"/webpack/public/path/image.png\\">

<script src=\\"script.js\\"></script>

<custom-element custom-src=\\"image.png\\" />
<custom-img custom-src=\\"image.png\\"/></custom-element>

<img src=\\"/webpack/public/path/icons.svg#hash\\">

<a href=\\"mailto:username@exampledomain.com\\"></a>
"
`;

exports[`'attributes' option should work by default: warnings 1`] = `Array []`;

exports[`'attributes' option should work with a "string" notation: errors 1`] = `Array []`;

exports[`'attributes' option should work with a "string" notation: module 1`] = `
"// Imports
var ___HTML_LOADER_GET_URL_IMPORT___ = require(\\"../../src/runtime/getUrl.js\\");
var ___HTML_LOADER_IDENT_0___ = require(\\"./image.png\\");
var ___HTML_LOADER_IDENT_1___ = require(\\"./image.png\\");
var ___HTML_LOADER_IDENT_2___ = require(\\"aliasImg\\");
var ___HTML_LOADER_IDENT_3___ = require(\\"./image.png\\");
var ___HTML_LOADER_IDENT_4___ = require(\\"./icons.svg\\");
// Exports
module.exports = \\"<h1>My First Heading</h1>\\\\n<p>My first paragraph.</p>\\\\n<h2>An Unordered HTML List</h2>\\\\n\\\\n<ul>\\\\n  <li>Coffee</li>\\\\n  <li>Tea</li>\\\\n  <li>Milk</li>\\\\n</ul>\\\\n\\\\n<h2>An Ordered HTML List</h2>\\\\n\\\\n<ol>\\\\n  <li>Coffee</li>\\\\n  <li>Tea</li>\\\\n  <li>Milk</li>\\\\n</ol>\\\\n\\\\n<script>console.log({\\\\\\"json\\\\\\": \\\\\\"with \\\\\\\\\\\\\\"quotes\\\\\\\\\\\\\\" in value\\\\\\"})</script>\\\\n\\\\n<!-- comment -->\\\\n\\\\n<div>Foo</div>\\\\n\\\\n\\\\n<div>BAR</div>\\\\n\\\\n<input type=\\\\\\"text\\\\\\" />\\\\n\\\\n<script>   console.log(1 + 2 + \`\${3 + 3}\`)   </script>\\\\n\\\\n<img src=\\\\\\"\\" + ___HTML_LOADER_GET_URL_IMPORT___(___HTML_LOADER_IDENT_0___) + \\"\\\\\\">\\\\n<img src=\\\\\\"\\" + ___HTML_LOADER_GET_URL_IMPORT___(___HTML_LOADER_IDENT_1___) + \\"\\\\\\">\\\\n<img src=\\\\\\"/image.png\\\\\\">\\\\n<img src=\\\\\\"\\" + ___HTML_LOADER_GET_URL_IMPORT___(___HTML_LOADER_IDENT_2___) + \\"\\\\\\">\\\\n<img src=\\\\\\"\\\\\\">\\\\n<img src=\\\\\\"\\" + ___HTML_LOADER_GET_URL_IMPORT___(___HTML_LOADER_IDENT_3___) + \\"\\\\\\">\\\\n\\\\n<script src=\\\\\\"script.js\\\\\\"></script>\\\\n\\\\n<custom-element custom-src=\\\\\\"image.png\\\\\\" />\\\\n<custom-img custom-src=\\\\\\"image.png\\\\\\"/></custom-element>\\\\n\\\\n<img src=\\\\\\"\\" + ___HTML_LOADER_GET_URL_IMPORT___(___HTML_LOADER_IDENT_4___) + \\"#hash\\\\\\">\\\\n\\\\n<a href=\\\\\\"mailto:username@exampledomain.com\\\\\\"></a>\\\\n\\";"
`;

exports[`'attributes' option should work with a "string" notation: result 1`] = `
"<h1>My First Heading</h1>
<p>My first paragraph.</p>
<h2>An Unordered HTML List</h2>

<ul>
  <li>Coffee</li>
  <li>Tea</li>
  <li>Milk</li>
</ul>

<h2>An Ordered HTML List</h2>

<ol>
  <li>Coffee</li>
  <li>Tea</li>
  <li>Milk</li>
</ol>

<script>console.log({\\"json\\": \\"with \\\\\\"quotes\\\\\\" in value\\"})</script>

<!-- comment -->

<div>Foo</div>


<div>BAR</div>

<input type=\\"text\\" />

<script>   console.log(1 + 2 + \`\${3 + 3}\`)   </script>

<img src=\\"/webpack/public/path/image.png\\">
<img src=\\"/webpack/public/path/image.png\\">
<img src=\\"/image.png\\">
<img src=\\"/webpack/public/path/alias-image.png\\">
<img src=\\"\\">
<img src=\\"/webpack/public/path/image.png\\">

<script src=\\"script.js\\"></script>

<custom-element custom-src=\\"image.png\\" />
<custom-img custom-src=\\"image.png\\"/></custom-element>

<img src=\\"/webpack/public/path/icons.svg#hash\\">

<a href=\\"mailto:username@exampledomain.com\\"></a>
"
`;

exports[`'attributes' option should work with a "string" notation: warnings 1`] = `Array []`;

exports[`'attributes' option should work with an "array" notations: errors 1`] = `Array []`;

exports[`'attributes' option should work with an "array" notations: module 1`] = `
"// Imports
var ___HTML_LOADER_GET_URL_IMPORT___ = require(\\"../../src/runtime/getUrl.js\\");
var ___HTML_LOADER_IDENT_0___ = require(\\"./image.png\\");
var ___HTML_LOADER_IDENT_1___ = require(\\"./image.png\\");
var ___HTML_LOADER_IDENT_2___ = require(\\"aliasImg\\");
var ___HTML_LOADER_IDENT_3___ = require(\\"./image.png\\");
var ___HTML_LOADER_IDENT_4___ = require(\\"./icons.svg\\");
// Exports
module.exports = \\"<h1>My First Heading</h1>\\\\n<p>My first paragraph.</p>\\\\n<h2>An Unordered HTML List</h2>\\\\n\\\\n<ul>\\\\n  <li>Coffee</li>\\\\n  <li>Tea</li>\\\\n  <li>Milk</li>\\\\n</ul>\\\\n\\\\n<h2>An Ordered HTML List</h2>\\\\n\\\\n<ol>\\\\n  <li>Coffee</li>\\\\n  <li>Tea</li>\\\\n  <li>Milk</li>\\\\n</ol>\\\\n\\\\n<script>console.log({\\\\\\"json\\\\\\": \\\\\\"with \\\\\\\\\\\\\\"quotes\\\\\\\\\\\\\\" in value\\\\\\"})</script>\\\\n\\\\n<!-- comment -->\\\\n\\\\n<div>Foo</div>\\\\n\\\\n\\\\n<div>BAR</div>\\\\n\\\\n<input type=\\\\\\"text\\\\\\" />\\\\n\\\\n<script>   console.log(1 + 2 + \`\${3 + 3}\`)   </script>\\\\n\\\\n<img src=\\\\\\"\\" + ___HTML_LOADER_GET_URL_IMPORT___(___HTML_LOADER_IDENT_0___) + \\"\\\\\\">\\\\n<img src=\\\\\\"\\" + ___HTML_LOADER_GET_URL_IMPORT___(___HTML_LOADER_IDENT_1___) + \\"\\\\\\">\\\\n<img src=\\\\\\"/image.png\\\\\\">\\\\n<img src=\\\\\\"\\" + ___HTML_LOADER_GET_URL_IMPORT___(___HTML_LOADER_IDENT_2___) + \\"\\\\\\">\\\\n<img src=\\\\\\"\\\\\\">\\\\n<img src=\\\\\\"\\" + ___HTML_LOADER_GET_URL_IMPORT___(___HTML_LOADER_IDENT_3___) + \\"\\\\\\">\\\\n\\\\n<script src=\\\\\\"script.js\\\\\\"></script>\\\\n\\\\n<custom-element custom-src=\\\\\\"image.png\\\\\\" />\\\\n<custom-img custom-src=\\\\\\"image.png\\\\\\"/></custom-element>\\\\n\\\\n<img src=\\\\\\"\\" + ___HTML_LOADER_GET_URL_IMPORT___(___HTML_LOADER_IDENT_4___) + \\"#hash\\\\\\">\\\\n\\\\n<a href=\\\\\\"mailto:username@exampledomain.com\\\\\\"></a>\\\\n\\";"
`;

exports[`'attributes' option should work with an "array" notations: result 1`] = `
"<h1>My First Heading</h1>
<p>My first paragraph.</p>
<h2>An Unordered HTML List</h2>

<ul>
  <li>Coffee</li>
  <li>Tea</li>
  <li>Milk</li>
</ul>

<h2>An Ordered HTML List</h2>

<ol>
  <li>Coffee</li>
  <li>Tea</li>
  <li>Milk</li>
</ol>

<script>console.log({\\"json\\": \\"with \\\\\\"quotes\\\\\\" in value\\"})</script>

<!-- comment -->

<div>Foo</div>


<div>BAR</div>

<input type=\\"text\\" />

<script>   console.log(1 + 2 + \`\${3 + 3}\`)   </script>

<img src=\\"/webpack/public/path/image.png\\">
<img src=\\"/webpack/public/path/image.png\\">
<img src=\\"/image.png\\">
<img src=\\"/webpack/public/path/alias-image.png\\">
<img src=\\"\\">
<img src=\\"/webpack/public/path/image.png\\">

<script src=\\"script.js\\"></script>

<custom-element custom-src=\\"image.png\\" />
<custom-img custom-src=\\"image.png\\"/></custom-element>

<img src=\\"/webpack/public/path/icons.svg#hash\\">

<a href=\\"mailto:username@exampledomain.com\\"></a>
"
`;

exports[`'attributes' option should work with an "array" notations: warnings 1`] = `Array []`;

exports[`'attributes' option should work with multiple a "string" notations: errors 1`] = `Array []`;

exports[`'attributes' option should work with multiple a "string" notations: module 1`] = `
"// Imports
var ___HTML_LOADER_GET_URL_IMPORT___ = require(\\"../../src/runtime/getUrl.js\\");
var ___HTML_LOADER_IDENT_0___ = require(\\"./image.png\\");
var ___HTML_LOADER_IDENT_1___ = require(\\"./image.png\\");
var ___HTML_LOADER_IDENT_2___ = require(\\"aliasImg\\");
var ___HTML_LOADER_IDENT_3___ = require(\\"./image.png\\");
var ___HTML_LOADER_IDENT_4___ = require(\\"./script.js\\");
var ___HTML_LOADER_IDENT_5___ = require(\\"./icons.svg\\");
// Exports
module.exports = \\"<h1>My First Heading</h1>\\\\n<p>My first paragraph.</p>\\\\n<h2>An Unordered HTML List</h2>\\\\n\\\\n<ul>\\\\n  <li>Coffee</li>\\\\n  <li>Tea</li>\\\\n  <li>Milk</li>\\\\n</ul>\\\\n\\\\n<h2>An Ordered HTML List</h2>\\\\n\\\\n<ol>\\\\n  <li>Coffee</li>\\\\n  <li>Tea</li>\\\\n  <li>Milk</li>\\\\n</ol>\\\\n\\\\n<script>console.log({\\\\\\"json\\\\\\": \\\\\\"with \\\\\\\\\\\\\\"quotes\\\\\\\\\\\\\\" in value\\\\\\"})</script>\\\\n\\\\n<!-- comment -->\\\\n\\\\n<div>Foo</div>\\\\n\\\\n\\\\n<div>BAR</div>\\\\n\\\\n<input type=\\\\\\"text\\\\\\" />\\\\n\\\\n<script>   console.log(1 + 2 + \`\${3 + 3}\`)   </script>\\\\n\\\\n<img src=\\\\\\"\\" + ___HTML_LOADER_GET_URL_IMPORT___(___HTML_LOADER_IDENT_0___) + \\"\\\\\\">\\\\n<img src=\\\\\\"\\" + ___HTML_LOADER_GET_URL_IMPORT___(___HTML_LOADER_IDENT_1___) + \\"\\\\\\">\\\\n<img src=\\\\\\"/image.png\\\\\\">\\\\n<img src=\\\\\\"\\" + ___HTML_LOADER_GET_URL_IMPORT___(___HTML_LOADER_IDENT_2___) + \\"\\\\\\">\\\\n<img src=\\\\\\"\\\\\\">\\\\n<img src=\\\\\\"\\" + ___HTML_LOADER_GET_URL_IMPORT___(___HTML_LOADER_IDENT_3___) + \\"\\\\\\">\\\\n\\\\n<script src=\\\\\\"\\" + ___HTML_LOADER_GET_URL_IMPORT___(___HTML_LOADER_IDENT_4___) + \\"\\\\\\"></script>\\\\n\\\\n<custom-element custom-src=\\\\\\"image.png\\\\\\" />\\\\n<custom-img custom-src=\\\\\\"image.png\\\\\\"/></custom-element>\\\\n\\\\n<img src=\\\\\\"\\" + ___HTML_LOADER_GET_URL_IMPORT___(___HTML_LOADER_IDENT_5___) + \\"#hash\\\\\\">\\\\n\\\\n<a href=\\\\\\"mailto:username@exampledomain.com\\\\\\"></a>\\\\n\\";"
`;

exports[`'attributes' option should work with multiple a "string" notations: result 1`] = `
"<h1>My First Heading</h1>
<p>My first paragraph.</p>
<h2>An Unordered HTML List</h2>

<ul>
  <li>Coffee</li>
  <li>Tea</li>
  <li>Milk</li>
</ul>

<h2>An Ordered HTML List</h2>

<ol>
  <li>Coffee</li>
  <li>Tea</li>
  <li>Milk</li>
</ol>

<script>console.log({\\"json\\": \\"with \\\\\\"quotes\\\\\\" in value\\"})</script>

<!-- comment -->

<div>Foo</div>


<div>BAR</div>

<input type=\\"text\\" />

<script>   console.log(1 + 2 + \`\${3 + 3}\`)   </script>

<img src=\\"/webpack/public/path/image.png\\">
<img src=\\"/webpack/public/path/image.png\\">
<img src=\\"/image.png\\">
<img src=\\"/webpack/public/path/alias-image.png\\">
<img src=\\"\\">
<img src=\\"/webpack/public/path/image.png\\">

<script src=\\"./my-custom-script.js\\"></script>

<custom-element custom-src=\\"image.png\\" />
<custom-img custom-src=\\"image.png\\"/></custom-element>

<img src=\\"/webpack/public/path/icons.svg#hash\\">

<a href=\\"mailto:username@exampledomain.com\\"></a>
"
`;

exports[`'attributes' option should work with multiple a "string" notations: warnings 1`] = `Array []`;

exports[`'attributes' option should work with multiple an "array" notations: errors 1`] = `Array []`;

exports[`'attributes' option should work with multiple an "array" notations: module 1`] = `
"// Imports
var ___HTML_LOADER_GET_URL_IMPORT___ = require(\\"../../src/runtime/getUrl.js\\");
var ___HTML_LOADER_IDENT_0___ = require(\\"./image.png\\");
var ___HTML_LOADER_IDENT_1___ = require(\\"./image.png\\");
var ___HTML_LOADER_IDENT_2___ = require(\\"aliasImg\\");
var ___HTML_LOADER_IDENT_3___ = require(\\"./image.png\\");
var ___HTML_LOADER_IDENT_4___ = require(\\"./script.js\\");
var ___HTML_LOADER_IDENT_5___ = require(\\"./icons.svg\\");
// Exports
module.exports = \\"<h1>My First Heading</h1>\\\\n<p>My first paragraph.</p>\\\\n<h2>An Unordered HTML List</h2>\\\\n\\\\n<ul>\\\\n  <li>Coffee</li>\\\\n  <li>Tea</li>\\\\n  <li>Milk</li>\\\\n</ul>\\\\n\\\\n<h2>An Ordered HTML List</h2>\\\\n\\\\n<ol>\\\\n  <li>Coffee</li>\\\\n  <li>Tea</li>\\\\n  <li>Milk</li>\\\\n</ol>\\\\n\\\\n<script>console.log({\\\\\\"json\\\\\\": \\\\\\"with \\\\\\\\\\\\\\"quotes\\\\\\\\\\\\\\" in value\\\\\\"})</script>\\\\n\\\\n<!-- comment -->\\\\n\\\\n<div>Foo</div>\\\\n\\\\n\\\\n<div>BAR</div>\\\\n\\\\n<input type=\\\\\\"text\\\\\\" />\\\\n\\\\n<script>   console.log(1 + 2 + \`\${3 + 3}\`)   </script>\\\\n\\\\n<img src=\\\\\\"\\" + ___HTML_LOADER_GET_URL_IMPORT___(___HTML_LOADER_IDENT_0___) + \\"\\\\\\">\\\\n<img src=\\\\\\"\\" + ___HTML_LOADER_GET_URL_IMPORT___(___HTML_LOADER_IDENT_1___) + \\"\\\\\\">\\\\n<img src=\\\\\\"/image.png\\\\\\">\\\\n<img src=\\\\\\"\\" + ___HTML_LOADER_GET_URL_IMPORT___(___HTML_LOADER_IDENT_2___) + \\"\\\\\\">\\\\n<img src=\\\\\\"\\\\\\">\\\\n<img src=\\\\\\"\\" + ___HTML_LOADER_GET_URL_IMPORT___(___HTML_LOADER_IDENT_3___) + \\"\\\\\\">\\\\n\\\\n<script src=\\\\\\"\\" + ___HTML_LOADER_GET_URL_IMPORT___(___HTML_LOADER_IDENT_4___) + \\"\\\\\\"></script>\\\\n\\\\n<custom-element custom-src=\\\\\\"image.png\\\\\\" />\\\\n<custom-img custom-src=\\\\\\"image.png\\\\\\"/></custom-element>\\\\n\\\\n<img src=\\\\\\"\\" + ___HTML_LOADER_GET_URL_IMPORT___(___HTML_LOADER_IDENT_5___) + \\"#hash\\\\\\">\\\\n\\\\n<a href=\\\\\\"mailto:username@exampledomain.com\\\\\\"></a>\\\\n\\";"
`;

exports[`'attributes' option should work with multiple an "array" notations: result 1`] = `
"<h1>My First Heading</h1>
<p>My first paragraph.</p>
<h2>An Unordered HTML List</h2>

<ul>
  <li>Coffee</li>
  <li>Tea</li>
  <li>Milk</li>
</ul>

<h2>An Ordered HTML List</h2>

<ol>
  <li>Coffee</li>
  <li>Tea</li>
  <li>Milk</li>
</ol>

<script>console.log({\\"json\\": \\"with \\\\\\"quotes\\\\\\" in value\\"})</script>

<!-- comment -->

<div>Foo</div>


<div>BAR</div>

<input type=\\"text\\" />

<script>   console.log(1 + 2 + \`\${3 + 3}\`)   </script>

<img src=\\"/webpack/public/path/image.png\\">
<img src=\\"/webpack/public/path/image.png\\">
<img src=\\"/image.png\\">
<img src=\\"/webpack/public/path/alias-image.png\\">
<img src=\\"\\">
<img src=\\"/webpack/public/path/image.png\\">

<script src=\\"./my-custom-script.js\\"></script>

<custom-element custom-src=\\"image.png\\" />
<custom-img custom-src=\\"image.png\\"/></custom-element>

<img src=\\"/webpack/public/path/icons.svg#hash\\">

<a href=\\"mailto:username@exampledomain.com\\"></a>
"
`;

exports[`'attributes' option should work with multiple an "array" notations: warnings 1`] = `Array []`;

exports[`'attributes' option should work with only attributes: errors 1`] = `Array []`;

exports[`'attributes' option should work with only attributes: module 1`] = `
"// Imports
var ___HTML_LOADER_GET_URL_IMPORT___ = require(\\"../../src/runtime/getUrl.js\\");
var ___HTML_LOADER_IDENT_0___ = require(\\"./image.png\\");
var ___HTML_LOADER_IDENT_1___ = require(\\"./image.png\\");
// Exports
module.exports = \\"<h1>My First Heading</h1>\\\\n<p>My first paragraph.</p>\\\\n<h2>An Unordered HTML List</h2>\\\\n\\\\n<ul>\\\\n  <li>Coffee</li>\\\\n  <li>Tea</li>\\\\n  <li>Milk</li>\\\\n</ul>\\\\n\\\\n<h2>An Ordered HTML List</h2>\\\\n\\\\n<ol>\\\\n  <li>Coffee</li>\\\\n  <li>Tea</li>\\\\n  <li>Milk</li>\\\\n</ol>\\\\n\\\\n<script>console.log({\\\\\\"json\\\\\\": \\\\\\"with \\\\\\\\\\\\\\"quotes\\\\\\\\\\\\\\" in value\\\\\\"})</script>\\\\n\\\\n<!-- comment -->\\\\n\\\\n<div>Foo</div>\\\\n\\\\n\\\\n<div>BAR</div>\\\\n\\\\n<input type=\\\\\\"text\\\\\\" />\\\\n\\\\n<script>   console.log(1 + 2 + \`\${3 + 3}\`)   </script>\\\\n\\\\n<img src=\\\\\\"image.png\\\\\\">\\\\n<img src=\\\\\\"./image.png\\\\\\">\\\\n<img src=\\\\\\"/image.png\\\\\\">\\\\n<img src=\\\\\\"~aliasImg\\\\\\">\\\\n<img src=\\\\\\"\\\\\\">\\\\n<img src=\\\\\\"image.png\\\\\\">\\\\n\\\\n<script src=\\\\\\"script.js\\\\\\"></script>\\\\n\\\\n<custom-element custom-src=\\\\\\"\\" + ___HTML_LOADER_GET_URL_IMPORT___(___HTML_LOADER_IDENT_0___) + \\"\\\\\\" />\\\\n<custom-img custom-src=\\\\\\"\\" + ___HTML_LOADER_GET_URL_IMPORT___(___HTML_LOADER_IDENT_1___) + \\"\\\\\\"/></custom-element>\\\\n\\\\n<img src=\\\\\\"./icons.svg#hash\\\\\\">\\\\n\\\\n<a href=\\\\\\"mailto:username@exampledomain.com\\\\\\"></a>\\\\n\\";"
`;

exports[`'attributes' option should work with only attributes: result 1`] = `
"<h1>My First Heading</h1>
<p>My first paragraph.</p>
<h2>An Unordered HTML List</h2>

<ul>
  <li>Coffee</li>
  <li>Tea</li>
  <li>Milk</li>
</ul>

<h2>An Ordered HTML List</h2>

<ol>
  <li>Coffee</li>
  <li>Tea</li>
  <li>Milk</li>
</ol>

<script>console.log({\\"json\\": \\"with \\\\\\"quotes\\\\\\" in value\\"})</script>

<!-- comment -->

<div>Foo</div>


<div>BAR</div>

<input type=\\"text\\" />

<script>   console.log(1 + 2 + \`\${3 + 3}\`)   </script>

<img src=\\"image.png\\">
<img src=\\"./image.png\\">
<img src=\\"/image.png\\">
<img src=\\"~aliasImg\\">
<img src=\\"\\">
<img src=\\"image.png\\">

<script src=\\"script.js\\"></script>

<custom-element custom-src=\\"/webpack/public/path/image.png\\" />
<custom-img custom-src=\\"/webpack/public/path/image.png\\"/></custom-element>

<img src=\\"./icons.svg#hash\\">

<a href=\\"mailto:username@exampledomain.com\\"></a>
"
`;

exports[`'attributes' option should work with only attributes: warnings 1`] = `Array []`;
