// Jest Snapshot v1, https://goo.gl/fbAQLP

exports[`'root' option should not translate root-relative urls by default: errors 1`] = `Array []`;

exports[`'root' option should not translate root-relative urls by default: module 1`] = `
"// Imports
var ___HTML_LOADER_GET_URL_IMPORT___ = require(\\"../../src/runtime/getUrl.js\\");
var ___HTML_LOADER_IDENT_0___ = require(\\"./image.png\\");
var ___HTML_LOADER_IDENT_1___ = require(\\"./image.png\\");
var ___HTML_LOADER_IDENT_2___ = require(\\"aliasImg\\");
var ___HTML_LOADER_IDENT_3___ = require(\\"./image.png\\");
var ___HTML_LOADER_IDENT_4___ = require(\\"./icons.svg\\");
var ___HTML_LOADER_IDENT_5___ = require(\\"./image.png\\");
var ___HTML_LOADER_IDENT_6___ = require(\\"./image.png\\");
var ___HTML_LOADER_IDENT_7___ = require(\\"./image.png\\");
var ___HTML_LOADER_IDENT_8___ = require(\\"./image.png\\");
var ___HTML_LOADER_IDENT_9___ = require(\\"./image.png\\");
// Exports
module.exports = \\"<h1>My First Heading</h1>\\\\n<p>My first paragraph.</p>\\\\n<h2>An Unordered HTML List</h2>\\\\n\\\\n<ul>\\\\n  <li>Coffee</li>\\\\n  <li>Tea</li>\\\\n  <li>Milk</li>\\\\n</ul>\\\\n\\\\n<h2>An Ordered HTML List</h2>\\\\n\\\\n<ol>\\\\n  <li>Coffee</li>\\\\n  <li>Tea</li>\\\\n  <li>Milk</li>\\\\n</ol>\\\\n\\\\n<script>console.log({\\\\\\"json\\\\\\": \\\\\\"with \\\\\\\\\\\\\\"quotes\\\\\\\\\\\\\\" in value\\\\\\"})</script>\\\\n\\\\n<!-- comment -->\\\\n\\\\n<div>Foo</div>\\\\n\\\\n\\\\n<div>BAR</div>\\\\n\\\\n<input type=\\\\\\"text\\\\\\" />\\\\n\\\\n<script>   console.log(1 + 2 + \`\${3 + 3}\`)   </script>\\\\n\\\\n<img src=\\\\\\"\\" + ___HTML_LOADER_GET_URL_IMPORT___(___HTML_LOADER_IDENT_0___) + \\"\\\\\\">\\\\n<img src=\\\\\\"\\" + ___HTML_LOADER_GET_URL_IMPORT___(___HTML_LOADER_IDENT_1___) + \\"\\\\\\">\\\\n<img src=\\\\\\"/image.png\\\\\\">\\\\n<img src=\\\\\\"\\" + ___HTML_LOADER_GET_URL_IMPORT___(___HTML_LOADER_IDENT_2___) + \\"\\\\\\">\\\\n<img src=\\\\\\"\\\\\\">\\\\n<img src=\\\\\\"\\" + ___HTML_LOADER_GET_URL_IMPORT___(___HTML_LOADER_IDENT_3___) + \\"\\\\\\">\\\\n\\\\n<script src=\\\\\\"script.js\\\\\\"></script>\\\\n\\\\n<custom-element custom-src=\\\\\\"image.png\\\\\\" />\\\\n<custom-img custom-src=\\\\\\"image.png\\\\\\"/></custom-element>\\\\n\\\\n<img src=\\\\\\"\\" + ___HTML_LOADER_GET_URL_IMPORT___(___HTML_LOADER_IDENT_4___) + \\"#hash\\\\\\">\\\\n\\\\n<a href=\\\\\\"mailto:username@exampledomain.com\\\\\\"></a>\\\\n\\\\n<img srcset=\\\\\\"image.png 480w, image.png 800w\\\\\\" sizes=\\\\\\"(max-width: 600px) 480px, 800px\\\\\\" src=\\\\\\"\\" + ___HTML_LOADER_GET_URL_IMPORT___(___HTML_LOADER_IDENT_5___) + \\"\\\\\\" alt=\\\\\\"Elva dressed as a fairy\\\\\\">\\\\n<img srcset=\\\\\\"   image.png   480w   ,   image.png   800w   \\\\\\" sizes=\\\\\\"(max-width: 600px) 480px, 800px\\\\\\" src=\\\\\\"\\" + ___HTML_LOADER_GET_URL_IMPORT___(___HTML_LOADER_IDENT_6___) + \\"\\\\\\" alt=\\\\\\"Elva dressed as a fairy\\\\\\">\\\\n\\\\n<picture>\\\\n  <source media=\\\\\\"(min-width: 650px)\\\\\\" srcset=\\\\\\"\\" + ___HTML_LOADER_GET_URL_IMPORT___(___HTML_LOADER_IDENT_7___) + \\"\\\\\\">\\\\n  <source media=\\\\\\"(min-width: 465px)\\\\\\" srcset=\\\\\\"\\" + ___HTML_LOADER_GET_URL_IMPORT___(___HTML_LOADER_IDENT_8___) + \\"\\\\\\">\\\\n  <img src=\\\\\\"\\" + ___HTML_LOADER_GET_URL_IMPORT___(___HTML_LOADER_IDENT_9___) + \\"\\\\\\" alt=\\\\\\"Flowers\\\\\\" style=\\\\\\"width:auto;\\\\\\">\\\\n</picture>\\\\n\\";"
`;

exports[`'root' option should not translate root-relative urls by default: result 1`] = `
"<h1>My First Heading</h1>
<p>My first paragraph.</p>
<h2>An Unordered HTML List</h2>

<ul>
  <li>Coffee</li>
  <li>Tea</li>
  <li>Milk</li>
</ul>

<h2>An Ordered HTML List</h2>

<ol>
  <li>Coffee</li>
  <li>Tea</li>
  <li>Milk</li>
</ol>

<script>console.log({\\"json\\": \\"with \\\\\\"quotes\\\\\\" in value\\"})</script>

<!-- comment -->

<div>Foo</div>


<div>BAR</div>

<input type=\\"text\\" />

<script>   console.log(1 + 2 + \`\${3 + 3}\`)   </script>

<img src=\\"/webpack/public/path/image.png\\">
<img src=\\"/webpack/public/path/image.png\\">
<img src=\\"/image.png\\">
<img src=\\"/webpack/public/path/alias-image.png\\">
<img src=\\"\\">
<img src=\\"/webpack/public/path/image.png\\">

<script src=\\"script.js\\"></script>

<custom-element custom-src=\\"image.png\\" />
<custom-img custom-src=\\"image.png\\"/></custom-element>

<img src=\\"/webpack/public/path/icons.svg#hash\\">

<a href=\\"mailto:username@exampledomain.com\\"></a>

<img srcset=\\"image.png 480w, image.png 800w\\" sizes=\\"(max-width: 600px) 480px, 800px\\" src=\\"/webpack/public/path/image.png\\" alt=\\"Elva dressed as a fairy\\">
<img srcset=\\"   image.png   480w   ,   image.png   800w   \\" sizes=\\"(max-width: 600px) 480px, 800px\\" src=\\"/webpack/public/path/image.png\\" alt=\\"Elva dressed as a fairy\\">

<picture>
  <source media=\\"(min-width: 650px)\\" srcset=\\"/webpack/public/path/image.png\\">
  <source media=\\"(min-width: 465px)\\" srcset=\\"/webpack/public/path/image.png\\">
  <img src=\\"/webpack/public/path/image.png\\" alt=\\"Flowers\\" style=\\"width:auto;\\">
</picture>
"
`;

exports[`'root' option should not translate root-relative urls by default: warnings 1`] = `Array []`;

exports[`'root' option should work: errors 1`] = `Array []`;

exports[`'root' option should work: module 1`] = `
"// Imports
var ___HTML_LOADER_GET_URL_IMPORT___ = require(\\"../../src/runtime/getUrl.js\\");
var ___HTML_LOADER_IDENT_0___ = require(\\"./image.png\\");
var ___HTML_LOADER_IDENT_1___ = require(\\"./image.png\\");
var ___HTML_LOADER_IDENT_2___ = require(\\"./image.png\\");
var ___HTML_LOADER_IDENT_3___ = require(\\"aliasImg\\");
var ___HTML_LOADER_IDENT_4___ = require(\\"./image.png\\");
var ___HTML_LOADER_IDENT_5___ = require(\\"./icons.svg\\");
var ___HTML_LOADER_IDENT_6___ = require(\\"./image.png\\");
var ___HTML_LOADER_IDENT_7___ = require(\\"./image.png\\");
var ___HTML_LOADER_IDENT_8___ = require(\\"./image.png\\");
var ___HTML_LOADER_IDENT_9___ = require(\\"./image.png\\");
var ___HTML_LOADER_IDENT_10___ = require(\\"./image.png\\");
// Exports
module.exports = \\"<h1>My First Heading</h1>\\\\n<p>My first paragraph.</p>\\\\n<h2>An Unordered HTML List</h2>\\\\n\\\\n<ul>\\\\n  <li>Coffee</li>\\\\n  <li>Tea</li>\\\\n  <li>Milk</li>\\\\n</ul>\\\\n\\\\n<h2>An Ordered HTML List</h2>\\\\n\\\\n<ol>\\\\n  <li>Coffee</li>\\\\n  <li>Tea</li>\\\\n  <li>Milk</li>\\\\n</ol>\\\\n\\\\n<script>console.log({\\\\\\"json\\\\\\": \\\\\\"with \\\\\\\\\\\\\\"quotes\\\\\\\\\\\\\\" in value\\\\\\"})</script>\\\\n\\\\n<!-- comment -->\\\\n\\\\n<div>Foo</div>\\\\n\\\\n\\\\n<div>BAR</div>\\\\n\\\\n<input type=\\\\\\"text\\\\\\" />\\\\n\\\\n<script>   console.log(1 + 2 + \`\${3 + 3}\`)   </script>\\\\n\\\\n<img src=\\\\\\"\\" + ___HTML_LOADER_GET_URL_IMPORT___(___HTML_LOADER_IDENT_0___) + \\"\\\\\\">\\\\n<img src=\\\\\\"\\" + ___HTML_LOADER_GET_URL_IMPORT___(___HTML_LOADER_IDENT_1___) + \\"\\\\\\">\\\\n<img src=\\\\\\"\\" + ___HTML_LOADER_GET_URL_IMPORT___(___HTML_LOADER_IDENT_2___) + \\"\\\\\\">\\\\n<img src=\\\\\\"\\" + ___HTML_LOADER_GET_URL_IMPORT___(___HTML_LOADER_IDENT_3___) + \\"\\\\\\">\\\\n<img src=\\\\\\"\\\\\\">\\\\n<img src=\\\\\\"\\" + ___HTML_LOADER_GET_URL_IMPORT___(___HTML_LOADER_IDENT_4___) + \\"\\\\\\">\\\\n\\\\n<script src=\\\\\\"script.js\\\\\\"></script>\\\\n\\\\n<custom-element custom-src=\\\\\\"image.png\\\\\\" />\\\\n<custom-img custom-src=\\\\\\"image.png\\\\\\"/></custom-element>\\\\n\\\\n<img src=\\\\\\"\\" + ___HTML_LOADER_GET_URL_IMPORT___(___HTML_LOADER_IDENT_5___) + \\"#hash\\\\\\">\\\\n\\\\n<a href=\\\\\\"mailto:username@exampledomain.com\\\\\\"></a>\\\\n\\\\n<img srcset=\\\\\\"image.png 480w, image.png 800w\\\\\\" sizes=\\\\\\"(max-width: 600px) 480px, 800px\\\\\\" src=\\\\\\"\\" + ___HTML_LOADER_GET_URL_IMPORT___(___HTML_LOADER_IDENT_6___) + \\"\\\\\\" alt=\\\\\\"Elva dressed as a fairy\\\\\\">\\\\n<img srcset=\\\\\\"   image.png   480w   ,   image.png   800w   \\\\\\" sizes=\\\\\\"(max-width: 600px) 480px, 800px\\\\\\" src=\\\\\\"\\" + ___HTML_LOADER_GET_URL_IMPORT___(___HTML_LOADER_IDENT_7___) + \\"\\\\\\" alt=\\\\\\"Elva dressed as a fairy\\\\\\">\\\\n\\\\n<picture>\\\\n  <source media=\\\\\\"(min-width: 650px)\\\\\\" srcset=\\\\\\"\\" + ___HTML_LOADER_GET_URL_IMPORT___(___HTML_LOADER_IDENT_8___) + \\"\\\\\\">\\\\n  <source media=\\\\\\"(min-width: 465px)\\\\\\" srcset=\\\\\\"\\" + ___HTML_LOADER_GET_URL_IMPORT___(___HTML_LOADER_IDENT_9___) + \\"\\\\\\">\\\\n  <img src=\\\\\\"\\" + ___HTML_LOADER_GET_URL_IMPORT___(___HTML_LOADER_IDENT_10___) + \\"\\\\\\" alt=\\\\\\"Flowers\\\\\\" style=\\\\\\"width:auto;\\\\\\">\\\\n</picture>\\\\n\\";"
`;

exports[`'root' option should work: result 1`] = `
"<h1>My First Heading</h1>
<p>My first paragraph.</p>
<h2>An Unordered HTML List</h2>

<ul>
  <li>Coffee</li>
  <li>Tea</li>
  <li>Milk</li>
</ul>

<h2>An Ordered HTML List</h2>

<ol>
  <li>Coffee</li>
  <li>Tea</li>
  <li>Milk</li>
</ol>

<script>console.log({\\"json\\": \\"with \\\\\\"quotes\\\\\\" in value\\"})</script>

<!-- comment -->

<div>Foo</div>


<div>BAR</div>

<input type=\\"text\\" />

<script>   console.log(1 + 2 + \`\${3 + 3}\`)   </script>

<img src=\\"/webpack/public/path/image.png\\">
<img src=\\"/webpack/public/path/image.png\\">
<img src=\\"/webpack/public/path/image.png\\">
<img src=\\"/webpack/public/path/alias-image.png\\">
<img src=\\"\\">
<img src=\\"/webpack/public/path/image.png\\">

<script src=\\"script.js\\"></script>

<custom-element custom-src=\\"image.png\\" />
<custom-img custom-src=\\"image.png\\"/></custom-element>

<img src=\\"/webpack/public/path/icons.svg#hash\\">

<a href=\\"mailto:username@exampledomain.com\\"></a>

<img srcset=\\"image.png 480w, image.png 800w\\" sizes=\\"(max-width: 600px) 480px, 800px\\" src=\\"/webpack/public/path/image.png\\" alt=\\"Elva dressed as a fairy\\">
<img srcset=\\"   image.png   480w   ,   image.png   800w   \\" sizes=\\"(max-width: 600px) 480px, 800px\\" src=\\"/webpack/public/path/image.png\\" alt=\\"Elva dressed as a fairy\\">

<picture>
  <source media=\\"(min-width: 650px)\\" srcset=\\"/webpack/public/path/image.png\\">
  <source media=\\"(min-width: 465px)\\" srcset=\\"/webpack/public/path/image.png\\">
  <img src=\\"/webpack/public/path/image.png\\" alt=\\"Flowers\\" style=\\"width:auto;\\">
</picture>
"
`;

exports[`'root' option should work: warnings 1`] = `Array []`;
